type octile
height 49
width 49
planes 50
TTTTTTTTTTTTTTTTTTTTTTTTTTTTTTTTTTTTTTTTTTTTTTTTT
TTT............TTTT.TTT...TTTT.TTTT............TT
TT.............TTT........TTT..TTT.......X.....TT
T...............................................T
T...............................................T
T...............................................T
T...............................................T
T.......................TT......................T
T......................TTT......................T
T......................TTT......................T
.................................................
T...............................................T
T...............................................T
T...............................................T
T...............................................T
TTT............TTTT............TTTT............TT
TTT............TTTT............TTTT............TT
TTT............TTTT............TTTT............TT
TT.............TTT.............TTT.............TT
TT..............................................T
TT..............................................T
TT..............................................T
TT..............................................T
T...............................................T
T...............................................T
T...............................................T
TT..............................................T
TTT.............................................T
TTT.............................................T
TTT.............................................T
T...............................................T
TTT............TTTT............TTTT............TT
TTT............TTTT............TTTT............TT
TTT............TTTT............TTTT............TT
TT.............TTT.............TTT.............TT
T...............................................T
T...............................................T
T...............................................T
T...............................................T
T...............................................T
T...............................................T
T...............................................T
T........A......................................T
T...............................................T
T...............................................T
T...............................................T
T...................TTT...TTT...................T
TTT............TTTT.TTTT..TTTT.TTTT............TT
TTTTTTTTTTTTTTTTTTTTTTTTTTTTTTTTTTTTTTTTTTTTTTTTT
Rectagle 1
"10,24.0,0,1,48,1.5"
Rectagle 2
"10,19.0,1.5,1,38.0,2.0"
Rectagle 3
"10,46.0,1.5,1,4.0,2.0"
Rectagle 4
"10,24.0,3.5,1,48,1.5"
