0
type octile
height 34
width 29
planes 30
plane 0
TTTTTTTTTTTTTTTTTTTTTTTTTTTTT
TTTTTTTTTTTTTTTTTTTTTTTTTTTTT
TTTTTTTTTTTTTTTTTTTTTTTTTTTTT
TTT.......................TTT
TTT.......................TTT
TTT..............A........TTT
TTT.......................TTT
TTT.......................TTT
TTT.......................TTT
TTTTTTTTTTTTTTTTTTTTTT....TTT
TTTTTTTTTTTTTTTTTTTTTT....TTT
TTTTTTTTTTTTTTTTTTTTTT....TTT
TTTTTTTTTTTTTTTTTTTTTT....TTT
TTT.......................TTT
TTT.......................TTT
TTT.......................TTT
TTT.......................TTT
TTT.......................TTT
TTT.......................TTT
TTT.......................TTT
TTT.......................TTT
TTT.......................TTT
TTT.......................TTT
TTT....TTTTTTTTTTTTTTTTTTTTTT
TTT....TTTTTTTTTTTTTTTTTTTTTT
TTT....TTTTTTTTTTTTTTTTTTTTTT
TTT..........TTTTTT.......TTT
TTT..........TTTTTT.......TTT
TTT..........TTTTTT.......TTT
TTT.X........TTTTTT.......TTT
TTT..........TTTTTT.......TTT
TTTTTTTTTTTTTTTTTTTTTTTTTTTTT
plane 1
TTTTTTTTTTTTTTTTTTTTTTTTTTTTT
TTTTTTTTTTTTTTTTTTTTTTTTTTTTT
TTTTTTTTTTTTTTTTTTTTTTTTTTTTT
TTT.......................TTT
TTT.......................TTT
TTT..............A........TTT
TTT.......................TTT
TTT.......................TTT
TTT.......................TTT
TTTTTTTTTTTTTTTTTTTTTT....TTT
TTTTTTTTTTTTTTTTTTTTTT....TTT
TTTTTTTTTTTTTTTTTTTTTT....TTT
TTTTTTTTTTTTTTTTTTTTTT....TTT
TTT.......................TTT
TTT.......................TTT
TTT.......................TTT
TTT.......................TTT
TTT.......................TTT
TTT.......................TTT
TTT.......................TTT
TTT.......................TTT
TTT.......................TTT
TTT.......................TTT
TTT....TTTTTTTTTTTTTTTTTTTTTT
TTT....TTTTTTTTTTTTTTTTTTTTTT
TTT....TTTTTTTTTTTTTTTTTTTTTT
TTT..........TTTTTT.......TTT
TTT..........TTTTTT.......TTT
TTT..........TTTTTT.......TTT
TTT.X........TTTTTT.......TTT
TTT..........TTTTTT.......TTT
TTTTTTTTTTTTTTTTTTTTTTTTTTTTT
plane 2
TTTTTTTTTTTTTTTTTTTTTTTTTTTTT
TTTTTTTTTTTTTTTTTTTTTTTTTTTTT
TTTTTTTTTTTTTTTTTTTTTTTTTTTTT
TTT.......................TTT
TTT.......................TTT
TTT..............A........TTT
TTT.......................TTT
TTT.......................TTT
TTT.......................TTT
TTTTTTTTTTTTTTTTTTTTTT....TTT
TTTTTTTTTTTTTTTTTTTTTT....TTT
TTTTTTTTTTTTTTTTTTTTTT....TTT
TTTTTTTTTTTTTTTTTTTTTT....TTT
TTT.......................TTT
TTT.......................TTT
TTT.......................TTT
TTT.......................TTT
TTT.......................TTT
TTT.......................TTT
TTT.......................TTT
TTT.......................TTT
TTT.......................TTT
TTT.......................TTT
TTT....TTTTTTTTTTTTTTTTTTTTTT
TTT....TTTTTTTTTTTTTTTTTTTTTT
TTT....TTTTTTTTTTTTTTTTTTTTTT
TTT..........TTTTTT.......TTT
TTT..........TTTTTT.......TTT
TTT..........TTTTTT.......TTT
TTT.X........TTTTTT.......TTT
TTT..........TTTTTT.......TTT
TTTTTTTTTTTTTTTTTTTTTTTTTTTTT
plane 3
TTTTTTTTTTTTTTTTTTTTTTTTTTTTT
TTTTTTTTTTTTTTTTTTTTTTTTTTTTT
TTTTTTTTTTTTTTTTTTTTTTTTTTTTT
TTT.......................TTT
TTT.......................TTT
TTT..............A........TTT
TTT.......................TTT
TTT.......................TTT
TTT.......................TTT
TTTTTTTTTTTTTTTTTTTTTT....TTT
TTTTTTTTTTTTTTTTTTTTTT....TTT
TTTTTTTTTTTTTTTTTTTTTT....TTT
TTTTTTTTTTTTTTTTTTTTTT....TTT
TTT.......................TTT
TTT.......................TTT
TTT.......................TTT
TTT.......................TTT
TTT.......................TTT
TTT.......................TTT
TTT.......................TTT
TTT.......................TTT
TTT.......................TTT
TTT.......................TTT
TTT....TTTTTTTTTTTTTTTTTTTTTT
TTT....TTTTTTTTTTTTTTTTTTTTTT
TTT....TTTTTTTTTTTTTTTTTTTTTT
TTT..........TTTTTT.......TTT
TTT..........TTTTTT.......TTT
TTT..........TTTTTT.......TTT
TTT.X........TTTTTT.......TTT
TTT..........TTTTTT.......TTT
TTTTTTTTTTTTTTTTTTTTTTTTTTTTT
plane 4
TTTTTTTTTTTTTTTTTTTTTTTTTTTTT
TTTTTTTTTTTTTTTTTTTTTTTTTTTTT
TTTTTTTTTTTTTTTTTTTTTTTTTTTTT
TTT.......................TTT
TTT.......................TTT
TTT..............A........TTT
TTT.......................TTT
TTT.......................TTT
TTT.......................TTT
TTTTTTTTTTTTTTTTTTTTTT....TTT
TTTTTTTTTTTTTTTTTTTTTT....TTT
TTTTTTTTTTTTTTTTTTTTTT....TTT
TTTTTTTTTTTTTTTTTTTTTT....TTT
TTT.......................TTT
TTT.......................TTT
TTT.......................TTT
TTT.......................TTT
TTT.......................TTT
TTT.......................TTT
TTT.......................TTT
TTT.......................TTT
TTT.......................TTT
TTT.......................TTT
TTT....TTTTTTTTTTTTTTTTTTTTTT
TTT....TTTTTTTTTTTTTTTTTTTTTT
TTT....TTTTTTTTTTTTTTTTTTTTTT
TTT..........TTTTTT.......TTT
TTT..........TTTTTT.......TTT
TTT..........TTTTTT.......TTT
TTT.X........TTTTTT.......TTT
TTT..........TTTTTT.......TTT
TTTTTTTTTTTTTTTTTTTTTTTTTTTTT
plane 5
TTTTTTTTTTTTTTTTTTTTTTTTTTTTT
TTTTTTTTTTTTTTTTTTTTTTTTTTTTT
TTTTTTTTTTTTTTTTTTTTTTTTTTTTT
TTT.......................TTT
TTT.......................TTT
TTT..............A........TTT
TTT.......................TTT
TTT.......................TTT
TTT.......................TTT
TTTTTTTTTTTTTTTTTTTTTT....TTT
TTTTTTTTTTTTTTTTTTTTTT....TTT
TTTTTTTTTTTTTTTTTTTTTT....TTT
TTTTTTTTTTTTTTTTTTTTTT....TTT
TTT.......................TTT
TTT.......................TTT
TTT.......................TTT
TTT.......................TTT
TTT.......................TTT
TTT.......................TTT
TTT.......................TTT
TTT.......................TTT
TTT.......................TTT
TTT.......................TTT
TTT....TTTTTTTTTTTTTTTTTTTTTT
TTT....TTTTTTTTTTTTTTTTTTTTTT
TTT....TTTTTTTTTTTTTTTTTTTTTT
TTT..........TTTTTT.......TTT
TTT..........TTTTTT.......TTT
TTT..........TTTTTT.......TTT
TTT.X........TTTTTT.......TTT
TTT..........TTTTTT.......TTT
TTTTTTTTTTTTTTTTTTTTTTTTTTTTT
plane 6
TTTTTTTTTTTTTTTTTTTTTTTTTTTTT
TTTTTTTTTTTTTTTTTTTTTTTTTTTTT
TTTTTTTTTTTTTTTTTTTTTTTTTTTTT
TTT.......................TTT
TTT.......................TTT
TTT..............A........TTT
TTT.......................TTT
TTT.......................TTT
TTT.......................TTT
TTTTTTTTTTTTTTTTTTTTTT....TTT
TTTTTTTTTTTTTTTTTTTTTT....TTT
TTTTTTTTTTTTTTTTTTTTTT....TTT
TTTTTTTTTTTTTTTTTTTTTT....TTT
TTT.......................TTT
TTT.......................TTT
TTT.......................TTT
TTT.......................TTT
TTT.......................TTT
TTT.......................TTT
TTT.......................TTT
TTT.......................TTT
TTT.......................TTT
TTT.......................TTT
TTT....TTTTTTTTTTTTTTTTTTTTTT
TTT....TTTTTTTTTTTTTTTTTTTTTT
TTT....TTTTTTTTTTTTTTTTTTTTTT
TTT..........TTTTTT.......TTT
TTT..........TTTTTT.......TTT
TTT..........TTTTTT.......TTT
TTT.X........TTTTTT.......TTT
TTT..........TTTTTT.......TTT
TTTTTTTTTTTTTTTTTTTTTTTTTTTTT
plane 7
TTTTTTTTTTTTTTTTTTTTTTTTTTTTT
TTTTTTTTTTTTTTTTTTTTTTTTTTTTT
TTTTTTTTTTTTTTTTTTTTTTTTTTTTT
TTT.......................TTT
TTT.......................TTT
TTT..............A........TTT
TTT.......................TTT
TTT.......................TTT
TTT.......................TTT
TTTTTTTTTTTTTTTTTTTTTT....TTT
TTTTTTTTTTTTTTTTTTTTTT....TTT
TTTTTTTTTTTTTTTTTTTTTT....TTT
TTTTTTTTTTTTTTTTTTTTTT....TTT
TTT.......................TTT
TTT.......................TTT
TTT.......................TTT
TTT.......................TTT
TTT.......................TTT
TTT.......................TTT
TTT.......................TTT
TTT.......................TTT
TTT.......................TTT
TTT.......................TTT
TTT....TTTTTTTTTTTTTTTTTTTTTT
TTT....TTTTTTTTTTTTTTTTTTTTTT
TTT....TTTTTTTTTTTTTTTTTTTTTT
TTT..........TTTTTT.......TTT
TTT..........TTTTTT.......TTT
TTT..........TTTTTT.......TTT
TTT.X........TTTTTT.......TTT
TTT..........TTTTTT.......TTT
TTTTTTTTTTTTTTTTTTTTTTTTTTTTT
plane 8
TTTTTTTTTTTTTTTTTTTTTTTTTTTTT
TTTTTTTTTTTTTTTTTTTTTTTTTTTTT
TTTTTTTTTTTTTTTTTTTTTTTTTTTTT
TTT.......................TTT
TTT.......................TTT
TTT..............A........TTT
TTT.......................TTT
TTT.......................TTT
TTT.......................TTT
TTTTTTTTTTTTTTTTTTTTTT....TTT
TTTTTTTTTTTTTTTTTTTTTT....TTT
TTTTTTTTTTTTTTTTTTTTTT....TTT
TTTTTTTTTTTTTTTTTTTTTT....TTT
TTT.......................TTT
TTT.......................TTT
TTT.......................TTT
TTT.......................TTT
TTT.......................TTT
TTT.......................TTT
TTT.......................TTT
TTT.......................TTT
TTT.......................TTT
TTT.......................TTT
TTT....TTTTTTTTTTTTTTTTTTTTTT
TTT....TTTTTTTTTTTTTTTTTTTTTT
TTT....TTTTTTTTTTTTTTTTTTTTTT
TTT..........TTTTTT.......TTT
TTT..........TTTTTT.......TTT
TTT..........TTTTTT.......TTT
TTT.X........TTTTTT.......TTT
TTT..........TTTTTT.......TTT
TTTTTTTTTTTTTTTTTTTTTTTTTTTTT
plane 9
TTTTTTTTTTTTTTTTTTTTTTTTTTTTT
TTTTTTTTTTTTTTTTTTTTTTTTTTTTT
TTTTTTTTTTTTTTTTTTTTTTTTTTTTT
TTT.......................TTT
TTT.......................TTT
TTT..............A........TTT
TTT.......................TTT
TTT.......................TTT
TTT.......................TTT
TTTTTTTTTTTTTTTTTTTTTT....TTT
TTTTTTTTTTTTTTTTTTTTTT....TTT
TTTTTTTTTTTTTTTTTTTTTT....TTT
TTTTTTTTTTTTTTTTTTTTTT....TTT
TTT.......................TTT
TTT.......................TTT
TTT.......................TTT
TTT.......................TTT
TTT.......................TTT
TTT.......................TTT
TTT.......................TTT
TTT.......................TTT
TTT.......................TTT
TTT.......................TTT
TTT....TTTTTTTTTTTTTTTTTTTTTT
TTT....TTTTTTTTTTTTTTTTTTTTTT
TTT....TTTTTTTTTTTTTTTTTTTTTT
TTT..........TTTTTT.......TTT
TTT..........TTTTTT.......TTT
TTT..........TTTTTT.......TTT
TTT.X........TTTTTT.......TTT
TTT..........TTTTTT.......TTT
TTTTTTTTTTTTTTTTTTTTTTTTTTTTT
plane 10
TTTTTTTTTTTTTTTTTTTTTTTTTTTTT
TTTTTTTTTTTTTTTTTTTTTTTTTTTTT
TTTTTTTTTTTTTTTTTTTTTTTTTTTTT
TTT.......................TTT
TTT.......................TTT
TTT..............A........TTT
TTT.......................TTT
TTT.......................TTT
TTT.......................TTT
TTTTTTTTTTTTTTTTTTTTTT....TTT
TTTTTTTTTTTTTTTTTTTTTT....TTT
TTTTTTTTTTTTTTTTTTTTTT....TTT
TTTTTTTTTTTTTTTTTTTTTT....TTT
TTT.......................TTT
TTT.......................TTT
TTT.......................TTT
TTT.......................TTT
TTT.......................TTT
TTT.......................TTT
TTT.......................TTT
TTT.......................TTT
TTT.......................TTT
TTT.......................TTT
TTT....TTTTTTTTTTTTTTTTTTTTTT
TTT....TTTTTTTTTTTTTTTTTTTTTT
TTT....TTTTTTTTTTTTTTTTTTTTTT
TTT..........TTTTTT.......TTT
TTT..........TTTTTT.......TTT
TTT..........TTTTTT.......TTT
TTT.X........TTTTTT.......TTT
TTT..........TTTTTT.......TTT
TTTTTTTTTTTTTTTTTTTTTTTTTTTTT
plane 11
TTTTTTTTTTTTTTTTTTTTTTTTTTTTT
TTTTTTTTTTTTTTTTTTTTTTTTTTTTT
TTTTTTTTTTTTTTTTTTTTTTTTTTTTT
TTT.......................TTT
TTT.......................TTT
TTT..............A........TTT
TTT.......................TTT
TTT.......................TTT
TTT.......................TTT
TTTTTTTTTTTTTTTTTTTTTT....TTT
TTTTTTTTTTTTTTTTTTTTTT....TTT
TTTTTTTTTTTTTTTTTTTTTT....TTT
TTTTTTTTTTTTTTTTTTTTTT....TTT
TTT.......................TTT
TTT.......................TTT
TTT.......................TTT
TTT.......................TTT
TTT.......................TTT
TTT.......................TTT
TTT.......................TTT
TTT.......................TTT
TTT.......................TTT
TTT.......................TTT
TTT....TTTTTTTTTTTTTTTTTTTTTT
TTT....TTTTTTTTTTTTTTTTTTTTTT
TTT....TTTTTTTTTTTTTTTTTTTTTT
TTT..........TTTTTT.......TTT
TTT.......................TTT
TTT.......................TTT
TTT.X.....................TTT
TTT..........TTTTTT.......TTT
TTTTTTTTTTTTTTTTTTTTTTTTTTTTT
plane 12
TTTTTTTTTTTTTTTTTTTTTTTTTTTTT
TTTTTTTTTTTTTTTTTTTTTTTTTTTTT
TTTTTTTTTTTTTTTTTTTTTTTTTTTTT
TTT.......................TTT
TTT.......................TTT
TTT..............A........TTT
TTT.......................TTT
TTT.......................TTT
TTT.......................TTT
TTTTTTTTTTTTTTTTTTTTTT....TTT
TTTTTTTTTTTTTTTTTTTTTT....TTT
TTTTTTTTTTTTTTTTTTTTTT....TTT
TTTTTTTTTTTTTTTTTTTTTT....TTT
TTT.......................TTT
TTT.......................TTT
TTT.......................TTT
TTT.......................TTT
TTT.......................TTT
TTT.......................TTT
TTT.......................TTT
TTT.......................TTT
TTT.......................TTT
TTT.......................TTT
TTT....TTTTTTTTTTTTTTTTTTTTTT
TTT....TTTTTTTTTTTTTTTTTTTTTT
TTT....TTTTTTTTTTTTTTTTTTTTTT
TTT..........TTTTTT.......TTT
TTT.......................TTT
TTT.......................TTT
TTT.X.....................TTT
TTT..........TTTTTT.......TTT
TTTTTTTTTTTTTTTTTTTTTTTTTTTTT
plane 13
TTTTTTTTTTTTTTTTTTTTTTTTTTTTT
TTTTTTTTTTTTTTTTTTTTTTTTTTTTT
TTTTTTTTTTTTTTTTTTTTTTTTTTTTT
TTT.......................TTT
TTT.......................TTT
TTT..............A........TTT
TTT.......................TTT
TTT.......................TTT
TTT.......................TTT
TTTTTTTTTTTTTTTTTTTTTT....TTT
TTTTTTTTTTTTTTTTTTTTTT....TTT
TTTTTTTTTTTTTTTTTTTTTT....TTT
TTTTTTTTTTTTTTTTTTTTTT....TTT
TTT.......................TTT
TTT.......................TTT
TTT.......................TTT
TTT.......................TTT
TTT.......................TTT
TTT.......................TTT
TTT.......................TTT
TTT.......................TTT
TTT.......................TTT
TTT.......................TTT
TTT....TTTTTTTTTTTTTTTTTTTTTT
TTT....TTTTTTTTTTTTTTTTTTTTTT
TTT....TTTTTTTTTTTTTTTTTTTTTT
TTT..........TTTTTT.......TTT
TTT.......................TTT
TTT.......................TTT
TTT.X.....................TTT
TTT..........TTTTTT.......TTT
TTTTTTTTTTTTTTTTTTTTTTTTTTTTT
plane 14
TTTTTTTTTTTTTTTTTTTTTTTTTTTTT
TTTTTTTTTTTTTTTTTTTTTTTTTTTTT
TTTTTTTTTTTTTTTTTTTTTTTTTTTTT
TTT.......................TTT
TTT.......................TTT
TTT..............A........TTT
TTT.......................TTT
TTT.......................TTT
TTT.......................TTT
TTTTTTTTTTTTTTTTTTTTTT....TTT
TTTTTTTTTTTTTTTTTTTTTT....TTT
TTTTTTTTTTTTTTTTTTTTTT....TTT
TTTTTTTTTTTTTTTTTTTTTT....TTT
TTT.......................TTT
TTT.......................TTT
TTT.......................TTT
TTT.......................TTT
TTT.......................TTT
TTT.......................TTT
TTT.......................TTT
TTT.......................TTT
TTT.......................TTT
TTT.......................TTT
TTT....TTTTTTTTTTTTTTTTTTTTTT
TTT....TTTTTTTTTTTTTTTTTTTTTT
TTT....TTTTTTTTTTTTTTTTTTTTTT
TTT..........TTTTTT.......TTT
TTT..........TTTTTT.......TTT
TTT..........TTTTTT.......TTT
TTT.X........TTTTTT.......TTT
TTT..........TTTTTT.......TTT
TTTTTTTTTTTTTTTTTTTTTTTTTTTTT